<html>
<body>
<pre>
<h1>µVision Build Log</h1>
<h2>Project:</h2>
C:\Users\Rabbani\Documents\usplab\nu 140\NuvotonPlatform_Keil\Sample\EduSampleCode\FINAL9\copy10stack.uvproj
Project File Date:  05/16/2016

<h2>Output:</h2>
Build target 'Target 1'
assembling startup_NUC1xx.s...
assembling copy10stack.asm...
copy10stack.asm(12): error: A1215E: Bad register list symbol
copy10stack.asm(14): error: A1215E: Bad register list symbol
compiling core_cm0.c...
compiling system_NUC1xx.c...
Target not created
Build target 'Target 1'
assembling copy10stack.asm...
linking...
Program Size: Code=644 RO-data=192 RW-data=28 ZI-data=1028  
"copy10stack.axf" - 0 Error(s), 0 Warning(s).
Build target 'Target 1'
assembling copy10stack.asm...
linking...
Program Size: Code=644 RO-data=192 RW-data=28 ZI-data=1028  
"copy10stack.axf" - 0 Error(s), 0 Warning(s).
