<html>
<body>
<pre>
<h1>µVision Build Log</h1>
<h2>Project:</h2>
C:\Users\Rabbani\Documents\usplab\nu 140\NuvotonPlatform_Keil\Sample\EduSampleCode\FINAL1\add64.uvproj
Project File Date:  05/16/2016

<h2>Output:</h2>
Build target 'Target 1'
assembling startup_NUC1xx.s...
compiling core_cm0.c...
compiling system_NUC1xx.c...
assembling add64.asm...
add64.asm(14): warning: A1581W: Added 2 bytes of padding at address 0xe
linking...
Program Size: Code=644 RO-data=192 RW-data=28 ZI-data=1028  
"add64.axf" - 0 Error(s), 1 Warning(s).
