<html>
<body>
<pre>
<h1>µVision Build Log</h1>
<h2>Project:</h2>
C:\Users\Rabbani\Documents\usplab\nu 140\NuvotonPlatform_Keil\Sample\EduSampleCode\FINAL5\clear.uvproj
Project File Date:  05/16/2016

<h2>Output:</h2>
Build target 'Target 1'
assembling startup_NUC1xx.s...
assembling clear.asm...
clear.asm(8): error: A1616E: Instruction, offset, immediate or register combination is not supported by the current instruction set
clear.asm(10): error: A1616E: Instruction, offset, immediate or register combination is not supported by the current instruction set
compiling core_cm0.c...
compiling system_NUC1xx.c...
Target not created
Build target 'Target 1'
assembling clear.asm...
clear.asm(16): warning: A1581W: Added 2 bytes of padding at address 0x12
linking...
Program Size: Code=636 RO-data=192 RW-data=28 ZI-data=1028  
"clear.axf" - 0 Error(s), 1 Warning(s).
