<html>
<body>
<pre>
<h1>µVision Build Log</h1>
<h2>Project:</h2>
C:\Users\Rabbani\Documents\usplab\nu 140\NuvotonPlatform_Keil\Sample\EduSampleCode\FINAL3\multiply.uvproj
Project File Date:  05/16/2016

<h2>Output:</h2>
Build target 'Target 1'
assembling startup_NUC1xx.s...
compiling core_cm0.c...
compiling system_NUC1xx.c...
assembling mul.asm...
mul.asm(7): error: A1106E: Missing comma
mul.asm(8): error: A1106E: Missing comma
mul.asm(9): error: A1106E: Missing comma
mul.asm(10): error: A1106E: Missing comma
Target not created
Build target 'Target 1'
assembling mul.asm...
mul.asm(7): error: A1106E: Missing comma
mul.asm(8): error: A1106E: Missing comma
mul.asm(9): error: A1106E: Missing comma
mul.asm(10): error: A1106E: Missing comma
Target not created
Build target 'Target 1'
assembling mul.asm...
linking...
Program Size: Code=628 RO-data=192 RW-data=28 ZI-data=1028  
"multiply.axf" - 0 Error(s), 0 Warning(s).
Rebuild target 'Target 1'
assembling startup_NUC1xx.s...
compiling core_cm0.c...
compiling system_NUC1xx.c...
assembling mul.asm...
linking...
Program Size: Code=628 RO-data=192 RW-data=28 ZI-data=1028  
"multiply.axf" - 0 Error(s), 0 Warning(s).
