


ARM Macro Assembler    Page 1 


    1 00000000                 PRESERVE8
    2 00000000                 THUMB
    3 00000000                 AREA             |.TEXT|,CODE,READONLY
    4 00000000                 EXPORT           func1
    5 00000000                 EXTERN           func2
    6 00000000         func1
    7 00000000 B500            PUSH{LR}
    8 00000002 4802            LDR              R0,=0xB
    9 00000004 F7FF FFFE       BL               func2
   10 00000008 BD00            POP{PC}
   11 0000000A BF00            NOP
   12 0000000C                 END
              0000000B 
Command Line: --debug --xref --cpu=Cortex-M0 --apcs=interwork --depend=function
1.d -ofunction1.o -IC:\Keil\ARM\RV31\Inc -IC:\Keil\ARM\CMSIS\Include -IC:\Keil\
ARM\Inc\Nuvoton\NUC1xx --predefine="__EVAL SETA 1" --list=function1.lst functio
n1.asm



ARM Macro Assembler    Page 1 Alphabetic symbol ordering
Relocatable symbols

.TEXT 00000000

Symbol: .TEXT
   Definitions
      At line 3 in file function1.asm
   Uses
      None
Comment: .TEXT unused
func1 00000000

Symbol: func1
   Definitions
      At line 6 in file function1.asm
   Uses
      At line 4 in file function1.asm
Comment: func1 used once
2 symbols



ARM Macro Assembler    Page 1 Alphabetic symbol ordering
External symbols

func2 00000000

Symbol: func2
   Definitions
      At line 5 in file function1.asm
   Uses
      At line 9 in file function1.asm
Comment: func2 used once
1 symbol
336 symbols in table
