ARM Linker, 4.1 [Build 894] [Evaluation]

==============================================================================

Section Cross References

    startup_nuc1xx.o(STACK) refers (Special) to heapauxi.o(.text) for __use_two_region_memory
    startup_nuc1xx.o(HEAP) refers (Special) to heapauxi.o(.text) for __use_two_region_memory
    startup_nuc1xx.o(RESET) refers (Special) to heapauxi.o(.text) for __use_two_region_memory
    startup_nuc1xx.o(RESET) refers to startup_nuc1xx.o(STACK) for __initial_sp
    startup_nuc1xx.o(RESET) refers to startup_nuc1xx.o(.text) for Reset_Handler
    startup_nuc1xx.o(.text) refers (Special) to heapauxi.o(.text) for __use_two_region_memory
    startup_nuc1xx.o(.text) refers to system_nuc1xx.o(.text) for SystemInit
    startup_nuc1xx.o(.text) refers to main.o(.TEXT) for __main
    startup_nuc1xx.o(.text) refers to startup_nuc1xx.o(HEAP) for Heap_Mem
    startup_nuc1xx.o(.text) refers to startup_nuc1xx.o(STACK) for Stack_Mem
    function1.o(.TEXT) refers to function2.o(.TEXT) for func2
    main.o(.TEXT) refers to function1.o(.TEXT) for func1
    system_nuc1xx.o(.text) refers to aeabi_sdiv.o(.text) for __aeabi_uidivmod
    system_nuc1xx.o(.text) refers to system_nuc1xx.o(.data) for gau32ClkSrcTbl
    aeabi_idiv0_sigfpe.o(.text) refers to rt_div0.o(.text) for __rt_div0
    rt_div0.o(.text) refers to defsig_fpe_outer.o(.text) for __rt_SIGFPE
    defsig_fpe_outer.o(.text) refers to defsig_fpe_inner.o(.text) for __rt_SIGFPE_inner
    defsig_fpe_outer.o(.text) refers to defsig_exit.o(.text) for __sig_exit
    defsig_fpe_formal.o(.text) refers to rt_raise.o(.text) for __rt_raise
    rt_raise.o(.text) refers to __raise.o(.text) for __raise
    rt_raise.o(.text) refers to sys_exit.o(.text) for _sys_exit
    defsig_exit.o(.text) refers to sys_exit.o(.text) for _sys_exit
    defsig_fpe_inner.o(.text) refers to defsig_general.o(.text) for __default_signal_display
    sys_exit.o(.text) refers (Special) to use_no_semi.o(.text) for __I$use$semihosting
    sys_exit.o(.text) refers (Special) to indicate_semi.o(.text) for __semihosting_library_function
    __raise.o(.text) refers to defsig.o(CL$$defsig) for __default_signal_handler
    defsig_general.o(.text) refers to sys_wrch.o(.text) for _ttywrch
    sys_wrch.o(.text) refers (Special) to use_no_semi.o(.text) for __I$use$semihosting
    sys_wrch.o(.text) refers (Special) to indicate_semi.o(.text) for __semihosting_library_function
    defsig.o(CL$$defsig) refers to defsig_fpe_inner.o(.text) for __rt_SIGFPE_inner
    defsig_abrt_inner.o(.text) refers to defsig_general.o(.text) for __default_signal_display
    defsig_rtred_inner.o(.text) refers to defsig_general.o(.text) for __default_signal_display
    defsig_rtmem_inner.o(.text) refers to defsig_general.o(.text) for __default_signal_display
    defsig_stak_inner.o(.text) refers to defsig_general.o(.text) for __default_signal_display
    defsig_pvfn_inner.o(.text) refers to defsig_general.o(.text) for __default_signal_display
    defsig_cppl_inner.o(.text) refers to defsig_general.o(.text) for __default_signal_display
    defsig_segv_inner.o(.text) refers to defsig_general.o(.text) for __default_signal_display
    defsig_other.o(.text) refers to defsig_general.o(.text) for __default_signal_display


==============================================================================

Removing Unused input sections from the image.

    Removing core_cm0.o(.emb_text), (32 bytes).

1 unused section(s) (total 32 bytes) removed from the image.

==============================================================================

Image Symbol Table

    Local Symbols

    Symbol Name                              Value     Ov Type        Size  Object(Section)

    RESET                                    0x00000000   Section      192  startup_nuc1xx.o(RESET)
    ../../angel/rt.s                         0x00000000   Number         0  rt_raise.o ABSOLUTE
    ../../angel/rt.s                         0x00000000   Number         0  rt_div0.o ABSOLUTE
    ../../angel/rt.s                         0x00000000   Number         0  aeabi_idiv0_sigfpe.o ABSOLUTE
    ../../angel/rt.s                         0x00000000   Number         0  aeabi_idiv0.o ABSOLUTE
    ../../angel/sys.s                        0x00000000   Number         0  indicate_semi.o ABSOLUTE
    ../../angel/sys.s                        0x00000000   Number         0  use_no_semi.o ABSOLUTE
    ../../angel/sysapp.c                     0x00000000   Number         0  sys_wrch.o ABSOLUTE
    ../../angel/sysapp.c                     0x00000000   Number         0  sys_exit.o ABSOLUTE
    ../../division.s                         0x00000000   Number         0  aeabi_sdiv_div0.o ABSOLUTE
    ../../division.s                         0x00000000   Number         0  aeabi_sdiv.o ABSOLUTE
    ../../heapaux.c                          0x00000000   Number         0  heapauxi.o ABSOLUTE
    ../../signal.c                           0x00000000   Number         0  defsig_exit.o ABSOLUTE
    ../../signal.c                           0x00000000   Number         0  defsig_fpe_inner.o ABSOLUTE
    ../../signal.c                           0x00000000   Number         0  __raise.o ABSOLUTE
    ../../signal.c                           0x00000000   Number         0  defsig_general.o ABSOLUTE
    ../../signal.c                           0x00000000   Number         0  defsig_abrt_inner.o ABSOLUTE
    ../../signal.c                           0x00000000   Number         0  defsig_fpe_formal.o ABSOLUTE
    ../../signal.c                           0x00000000   Number         0  defsig_rtmem_inner.o ABSOLUTE
    ../../signal.c                           0x00000000   Number         0  defsig_stak_inner.o ABSOLUTE
    ../../signal.c                           0x00000000   Number         0  defsig_pvfn_inner.o ABSOLUTE
    ../../signal.c                           0x00000000   Number         0  defsig_cppl_inner.o ABSOLUTE
    ../../signal.c                           0x00000000   Number         0  defsig_segv_inner.o ABSOLUTE
    ../../signal.c                           0x00000000   Number         0  defsig_other.o ABSOLUTE
    ../../signal.c                           0x00000000   Number         0  defsig_rtred_inner.o ABSOLUTE
    ../../signal.c                           0x00000000   Number         0  defsig_fpe_outer.o ABSOLUTE
    ../../signal.s                           0x00000000   Number         0  defsig.o ABSOLUTE
    ..\..\..\..\CMSIS\CM0\CoreSupport\core_cm0.c 0x00000000   Number         0  core_cm0.o ABSOLUTE
    ..\..\..\..\CMSIS\CM0\DeviceSupport\Nuvoton\NUC1xx\system_NUC1xx.c 0x00000000   Number         0  system_nuc1xx.o ABSOLUTE
    ..\\..\\..\\..\\CMSIS\\CM0\\CoreSupport\\core_cm0.c 0x00000000   Number         0  core_cm0.o ABSOLUTE
    dc.s                                     0x00000000   Number         0  dc.o ABSOLUTE
    function1.asm                            0x00000000   Number         0  function1.o ABSOLUTE
    function2.asm                            0x00000000   Number         0  function2.o ABSOLUTE
    main.asm                                 0x00000000   Number         0  main.o ABSOLUTE
    startup_NUC1xx.s                         0x00000000   Number         0  startup_nuc1xx.o ABSOLUTE
    .TEXT                                    0x000000c0   Section       16  function1.o(.TEXT)
    .TEXT                                    0x000000d0   Section       12  function2.o(.TEXT)
    .TEXT                                    0x000000dc   Section       12  main.o(.TEXT)
    .text                                    0x000000e8   Section      100  startup_nuc1xx.o(.text)
    Default_Handler                          0x00000113   Thumb Code     2  startup_nuc1xx.o(.text)
    .text                                    0x0000014c   Section        0  system_nuc1xx.o(.text)
    .text                                    0x000001ec   Section      346  aeabi_sdiv.o(.text)
    .text                                    0x00000346   Section        0  heapauxi.o(.text)
    .data                                    0x20000000   Section       28  system_nuc1xx.o(.data)
    HEAP                                     0x20000020   Section        0  startup_nuc1xx.o(HEAP)
    STACK                                    0x20000020   Section     1024  startup_nuc1xx.o(STACK)
    Heap_Mem                                 0x20000020   Data           0  startup_nuc1xx.o(HEAP)
    Stack_Mem                                0x20000020   Data        1024  startup_nuc1xx.o(STACK)
    __initial_sp                             0x20000420   Data           0  startup_nuc1xx.o(STACK)

    Global Symbols

    Symbol Name                              Value     Ov Type        Size  Object(Section)

    BuildAttributes$$THM_ISAv3M$S$PE$A:L22$X:L11$S22$IEEE1$IW$USESV6$~STKCKD$USESV7$~SHL$OSPACE$ROPI$EBA8$STANDARDLIB$REQ8$PRES8$EABIv2 0x00000000   Number         0  anon$$obj.o ABSOLUTE
    __Vectors                                0x00000000   Data           4  startup_nuc1xx.o(RESET)
    __sigvec_lookup                           - Undefined Weak Reference
    func1                                    0x000000c1   Thumb Code     0  function1.o(.TEXT)
    func2                                    0x000000d1   Thumb Code     0  function2.o(.TEXT)
    __main                                   0x000000dd   Thumb Code     0  main.o(.TEXT)
    Reset_Handler                            0x000000e9   Thumb Code    32  startup_nuc1xx.o(.text)
    NMI_Handler                              0x00000109   Thumb Code     2  startup_nuc1xx.o(.text)
    HardFault_Handler                        0x0000010b   Thumb Code     2  startup_nuc1xx.o(.text)
    SVC_Handler                              0x0000010d   Thumb Code     2  startup_nuc1xx.o(.text)
    PendSV_Handler                           0x0000010f   Thumb Code     2  startup_nuc1xx.o(.text)
    SysTick_Handler                          0x00000111   Thumb Code     2  startup_nuc1xx.o(.text)
    ACMP_IRQHandler                          0x00000113   Thumb Code     0  startup_nuc1xx.o(.text)
    ADC_IRQHandler                           0x00000113   Thumb Code     0  startup_nuc1xx.o(.text)
    BOD_IRQHandler                           0x00000113   Thumb Code     0  startup_nuc1xx.o(.text)
    CAN0_IRQHandler                          0x00000113   Thumb Code     0  startup_nuc1xx.o(.text)
    EINT0_IRQHandler                         0x00000113   Thumb Code     0  startup_nuc1xx.o(.text)
    EINT1_IRQHandler                         0x00000113   Thumb Code     0  startup_nuc1xx.o(.text)
    GPAB_IRQHandler                          0x00000113   Thumb Code     0  startup_nuc1xx.o(.text)
    GPCDE_IRQHandler                         0x00000113   Thumb Code     0  startup_nuc1xx.o(.text)
    I2C0_IRQHandler                          0x00000113   Thumb Code     0  startup_nuc1xx.o(.text)
    I2C1_IRQHandler                          0x00000113   Thumb Code     0  startup_nuc1xx.o(.text)
    I2S_IRQHandler                           0x00000113   Thumb Code     0  startup_nuc1xx.o(.text)
    PDMA_IRQHandler                          0x00000113   Thumb Code     0  startup_nuc1xx.o(.text)
    PS2_IRQHandler                           0x00000113   Thumb Code     0  startup_nuc1xx.o(.text)
    PWMA_IRQHandler                          0x00000113   Thumb Code     0  startup_nuc1xx.o(.text)
    PWMB_IRQHandler                          0x00000113   Thumb Code     0  startup_nuc1xx.o(.text)
    PWRWU_IRQHandler                         0x00000113   Thumb Code     0  startup_nuc1xx.o(.text)
    RTC_IRQHandler                           0x00000113   Thumb Code     0  startup_nuc1xx.o(.text)
    SPI0_IRQHandler                          0x00000113   Thumb Code     0  startup_nuc1xx.o(.text)
    SPI1_IRQHandler                          0x00000113   Thumb Code     0  startup_nuc1xx.o(.text)
    SPI2_IRQHandler                          0x00000113   Thumb Code     0  startup_nuc1xx.o(.text)
    SPI3_IRQHandler                          0x00000113   Thumb Code     0  startup_nuc1xx.o(.text)
    TMR0_IRQHandler                          0x00000113   Thumb Code     0  startup_nuc1xx.o(.text)
    TMR1_IRQHandler                          0x00000113   Thumb Code     0  startup_nuc1xx.o(.text)
    TMR2_IRQHandler                          0x00000113   Thumb Code     0  startup_nuc1xx.o(.text)
    TMR3_IRQHandler                          0x00000113   Thumb Code     0  startup_nuc1xx.o(.text)
    UART02_IRQHandler                        0x00000113   Thumb Code     0  startup_nuc1xx.o(.text)
    UART1_IRQHandler                         0x00000113   Thumb Code     0  startup_nuc1xx.o(.text)
    USBD_IRQHandler                          0x00000113   Thumb Code     0  startup_nuc1xx.o(.text)
    WDT_IRQHandler                           0x00000113   Thumb Code     0  startup_nuc1xx.o(.text)
    __user_initial_stackheap                 0x00000115   Thumb Code     0  startup_nuc1xx.o(.text)
    SystemCoreClockUpdate                    0x0000014d   Thumb Code   130  system_nuc1xx.o(.text)
    SystemInit                               0x000001cf   Thumb Code     2  system_nuc1xx.o(.text)
    __aeabi_uidiv                            0x000001ed   Thumb Code     0  aeabi_sdiv.o(.text)
    __aeabi_uidivmod                         0x000001ed   Thumb Code    20  aeabi_sdiv.o(.text)
    __aeabi_idiv                             0x00000201   Thumb Code     0  aeabi_sdiv.o(.text)
    __aeabi_idivmod                          0x00000201   Thumb Code   326  aeabi_sdiv.o(.text)
    __use_two_region_memory                  0x00000347   Thumb Code     2  heapauxi.o(.text)
    __rt_heap_escrow$2region                 0x00000349   Thumb Code     2  heapauxi.o(.text)
    __rt_heap_expand$2region                 0x0000034b   Thumb Code     2  heapauxi.o(.text)
    SystemCoreClock                          0x20000000   Data           4  system_nuc1xx.o(.data)
    CyclesPerUs                              0x20000004   Data           4  system_nuc1xx.o(.data)
    gau32ClkSrcTbl                           0x20000008   Data          20  system_nuc1xx.o(.data)



==============================================================================

Memory Map of the image

  Image Entry point : 0x000000e9

  Load Region LR_1 (Base: 0x00000000, Size: 0x00000368, Max: 0xffffffff, ABSOLUTE)

    Execution Region ER_RO (Base: 0x00000000, Size: 0x0000034c, Max: 0xffffffff, ABSOLUTE)

    Base Addr    Size         Type   Attr      Idx    E Section Name        Object

    0x00000000   0x000000c0   Data   RO            3    RESET               startup_nuc1xx.o
    0x000000c0   0x00000010   Code   RO           10    .TEXT               function1.o
    0x000000d0   0x0000000c   Code   RO           13    .TEXT               function2.o
    0x000000dc   0x0000000c   Code   RO           16    .TEXT               main.o
    0x000000e8   0x00000064   Code   RO            4  * .text               startup_nuc1xx.o
    0x0000014c   0x000000a0   Code   RO           33    .text               system_nuc1xx.o
    0x000001ec   0x0000015a   Code   RO           65    .text               c_p.l(aeabi_sdiv.o)
    0x00000346   0x00000006   Code   RO           69    .text               c_p.l(heapauxi.o)


    Execution Region ER_RW (Base: 0x20000000, Size: 0x0000001c, Max: 0xffffffff, ABSOLUTE)

    Base Addr    Size         Type   Attr      Idx    E Section Name        Object

    0x20000000   0x0000001c   Data   RW           34    .data               system_nuc1xx.o


    Execution Region ER_ZI (Base: 0x2000001c, Size: 0x00000404, Max: 0xffffffff, ABSOLUTE)

    Base Addr    Size         Type   Attr      Idx    E Section Name        Object

    0x2000001c   0x00000004   PAD
    0x20000020   0x00000000   Zero   RW            2    HEAP                startup_nuc1xx.o
    0x20000020   0x00000400   Zero   RW            1    STACK               startup_nuc1xx.o


==============================================================================

Image component sizes


      Code (inc. data)   RO Data    RW Data    ZI Data      Debug   Object Name

         0          0          0          0          0       4156   core_cm0.o
        16          4          0          0          0        232   function1.o
        12          6          0          0          0        228   function2.o
        12          4          0          0          0        220   main.o
       100         46        192          0       1024        628   startup_nuc1xx.o
       160         28          0         28          0       1600   system_nuc1xx.o

    ----------------------------------------------------------------------
       300         88        192         28       1028       7064   Object Totals
         0          0          0          0          0          0   (incl. Generated)
         0          0          0          0          4          0   (incl. Padding)

    ----------------------------------------------------------------------

      Code (inc. data)   RO Data    RW Data    ZI Data      Debug   Library Member Name

       346          0          0          0          0         92   aeabi_sdiv.o
         6          0          0          0          0        136   heapauxi.o

    ----------------------------------------------------------------------
       352          0          0          0          0        228   Library Totals
         0          0          0          0          0          0   (incl. Padding)

    ----------------------------------------------------------------------

      Code (inc. data)   RO Data    RW Data    ZI Data      Debug   Library Name

       352          0          0          0          0        228   c_p.l

    ----------------------------------------------------------------------
       352          0          0          0          0        228   Library Totals

    ----------------------------------------------------------------------

==============================================================================


      Code (inc. data)   RO Data    RW Data    ZI Data      Debug   

       652         88        192         28       1028       7196   Grand Totals
       652         88        192         28       1028       7196   ELF Image Totals
       652         88        192         28          0          0   ROM Totals

==============================================================================

    Total RO  Size (Code + RO Data)                  844 (   0.82kB)
    Total RW  Size (RW Data + ZI Data)              1056 (   1.03kB)
    Total ROM Size (Code + RO Data + RW Data)        872 (   0.85kB)

==============================================================================

