<html>
<body>
<pre>
<h1>µVision Build Log</h1>
<h2>Project:</h2>
C:\Users\Rabbani\Documents\usplab\nu 140\NuvotonPlatform_Keil\Sample\EduSampleCode\FINAL7\copy10.uvproj
Project File Date:  05/16/2016

<h2>Output:</h2>
Build target 'Target 1'
assembling startup_NUC1xx.s...
assembling copy10.asm...
copy10.asm(17): error: A1516E: Bad symbol 'LOOP', not defined or external
compiling core_cm0.c...
compiling system_NUC1xx.c...
Target not created
Build target 'Target 1'
assembling copy10.asm...
linking...
Program Size: Code=640 RO-data=192 RW-data=28 ZI-data=1028  
"copy10.axf" - 0 Error(s), 0 Warning(s).
