<html>
<body>
<pre>
<h1>µVision Build Log</h1>
<h2>Project:</h2>
C:\Users\Rabbani\Documents\usplab\nu 140\NuvotonPlatform_Keil\Sample\EduSampleCode\FINAL8\switch.uvproj
Project File Date:  05/16/2016

<h2>Output:</h2>
Build target 'Target 1'
assembling startup_NUC1xx.s...
assembling switch.asm...
switch.asm(6): error: A1152E: Unexpected operator
compiling core_cm0.c...
compiling system_NUC1xx.c...
Target not created
Rebuild target 'Target 1'
assembling startup_NUC1xx.s...
assembling switch.asm...
switch.asm(37): warning: A1581W: Added 2 bytes of padding at address 0x36
compiling core_cm0.c...
compiling system_NUC1xx.c...
linking...
Program Size: Code=692 RO-data=192 RW-data=28 ZI-data=1028  
"switch.axf" - 0 Error(s), 1 Warning(s).
