


ARM Macro Assembler    Page 1 


    1 00000000                 PRESERVE8
    2 00000000                 THUMB
    3 00000000                 AREA             |.TEXT|,CODE,READONLY
    4 00000000                 EXPORT           __main
    5 00000000         __main
    6 00000000 2002            MOVS             R0,#2
    7 00000002 2803            CMP              R0,#3
    8 00000004 DC14            BGT              default_case
    9 00000006 2104            MOVS             R1,#4
   10 00000008 4348            MULS             R0,R1,R0
   11 0000000A 4A0B            LDR              R2,=branch_table
   12 0000000C 5811            LDR              R1 ,[R2,R0]
   13 0000000E 4708            BX               R1
   14 00000010                 ALIGN            4
   15 00000010         branch_table
   16 00000010 00000000        DCD              dest0
   17 00000014 00000000        DCD              dest1
   18 00000018 00000000        DCD              dest2
   19 0000001C 00000000        DCD              dest3
   20 00000020         dest0
   21 00000020 4806            LDR              R0,=0xA
   22 00000022 E007            B                next
   23 00000024         dest1
   24 00000024 4806            LDR              R0,=0xB
   25 00000026 E005            B                next
   26 00000028         dest2
   27 00000028 4806            LDR              R0,=0xC
   28 0000002A E003            B                next
   29 0000002C         dest3
   30 0000002C 4806            LDR              R0,=0xD
   31 0000002E E001            B                next
   32 00000030         default_case
   33 00000030 4806            LDR              R0,=0x7
   34 00000032 E7FF            B                next
   35 00000034         next
   36 00000034 BF00            NOP
   37 00000036                 END
              00 00 00000000 
              0000000A 
              0000000B 
              0000000C 
              0000000D 
              00000007 
Command Line: --debug --xref --cpu=Cortex-M0 --apcs=interwork --depend=switch.d
 -oswitch.o -IC:\Keil\ARM\RV31\Inc -IC:\Keil\ARM\CMSIS\Include -IC:\Keil\ARM\In
c\Nuvoton\NUC1xx --predefine="__EVAL SETA 1" --list=switch.lst switch.asm



ARM Macro Assembler    Page 1 Alphabetic symbol ordering
Relocatable symbols

.TEXT 00000000

Symbol: .TEXT
   Definitions
      At line 3 in file switch.asm
   Uses
      None
Comment: .TEXT unused
__main 00000000

Symbol: __main
   Definitions
      At line 5 in file switch.asm
   Uses
      At line 4 in file switch.asm
Comment: __main used once
branch_table 00000010

Symbol: branch_table
   Definitions
      At line 15 in file switch.asm
   Uses
      At line 11 in file switch.asm
Comment: branch_table used once
default_case 00000030

Symbol: default_case
   Definitions
      At line 32 in file switch.asm
   Uses
      At line 8 in file switch.asm
Comment: default_case used once
dest0 00000020

Symbol: dest0
   Definitions
      At line 20 in file switch.asm
   Uses
      At line 16 in file switch.asm
Comment: dest0 used once
dest1 00000024

Symbol: dest1
   Definitions
      At line 23 in file switch.asm
   Uses
      At line 17 in file switch.asm
Comment: dest1 used once
dest2 00000028

Symbol: dest2
   Definitions
      At line 26 in file switch.asm
   Uses
      At line 18 in file switch.asm
Comment: dest2 used once
dest3 0000002C

Symbol: dest3



ARM Macro Assembler    Page 2 Alphabetic symbol ordering
Relocatable symbols

   Definitions
      At line 29 in file switch.asm
   Uses
      At line 19 in file switch.asm
Comment: dest3 used once
next 00000034

Symbol: next
   Definitions
      At line 35 in file switch.asm
   Uses
      At line 22 in file switch.asm
      At line 25 in file switch.asm
      At line 28 in file switch.asm
      At line 31 in file switch.asm
      At line 34 in file switch.asm

9 symbols
342 symbols in table
