<html>
<body>
<pre>
<h1>µVision Build Log</h1>
<h2>Project:</h2>
C:\Users\Rabbani\Documents\usplab\nu 140\NuvotonPlatform_Keil\Sample\EduSampleCode\FINAL6\swap10.uvproj
Project File Date:  05/16/2016

<h2>Output:</h2>
Build target 'Target 1'
assembling startup_NUC1xx.s...
assembling swap10.asm...
compiling core_cm0.c...
compiling system_NUC1xx.c...
linking...
Program Size: Code=644 RO-data=192 RW-data=28 ZI-data=1028  
"swap10.axf" - 0 Error(s), 0 Warning(s).
Build target 'Target 1'
assembling swap10.asm...
linking...
Program Size: Code=644 RO-data=192 RW-data=28 ZI-data=1028  
"swap10.axf" - 0 Error(s), 0 Warning(s).
