


ARM Macro Assembler    Page 1 


    1 00000000                 PRESERVE8
    2 00000000                 THUMB
    3 00000000                 AREA             |.TEXT|,CODE,READONLY
    4 00000000                 EXPORT           __main
    5 00000000         __main
    6 00000000 4D05            LDR              R5,=0X20000000
    7 00000002 4E06            LDR              R6,=0X20000100
    8 00000004 220A            MOVS             R2,#10
    9 00000006         loop
   10 00000006 782B            LDRB             R3,[R5]
   11 00000008 7834            LDRB             R4,[R6]
   12 0000000A 7033            STRB             R3,[R6]
   13 0000000C 702C            STRB             R4,[R5]
   14 0000000E 1C6D            ADDS             R5,R5,#1
   15 00000010 1C76            ADDS             R6,R6,#1
   16 00000012 1E52            SUBS             R2,R2,#1
   17 00000014 D1F7            BNE              loop
   18 00000016 BF00            NOP
   19 00000018                 END
              20000000 
              20000100 
Command Line: --debug --xref --cpu=Cortex-M0 --apcs=interwork --depend=swap10.d
 -oswap10.o -IC:\Keil\ARM\RV31\Inc -IC:\Keil\ARM\CMSIS\Include -IC:\Keil\ARM\In
c\Nuvoton\NUC1xx --predefine="__EVAL SETA 1" --list=swap10.lst swap10.asm



ARM Macro Assembler    Page 1 Alphabetic symbol ordering
Relocatable symbols

.TEXT 00000000

Symbol: .TEXT
   Definitions
      At line 3 in file swap10.asm
   Uses
      None
Comment: .TEXT unused
__main 00000000

Symbol: __main
   Definitions
      At line 5 in file swap10.asm
   Uses
      At line 4 in file swap10.asm
Comment: __main used once
loop 00000006

Symbol: loop
   Definitions
      At line 9 in file swap10.asm
   Uses
      At line 17 in file swap10.asm
Comment: loop used once
3 symbols
336 symbols in table
