ARM Linker, 4.1 [Build 894] [Evaluation]

==============================================================================

Section Cross References

    startup_nuc1xx.o(STACK) refers (Special) to heapauxi.o(.text) for __use_two_region_memory
    startup_nuc1xx.o(HEAP) refers (Special) to heapauxi.o(.text) for __use_two_region_memory
    startup_nuc1xx.o(RESET) refers (Special) to heapauxi.o(.text) for __use_two_region_memory
    startup_nuc1xx.o(RESET) refers to startup_nuc1xx.o(STACK) for __initial_sp
    startup_nuc1xx.o(RESET) refers to startup_nuc1xx.o(.text) for Reset_Handler
    startup_nuc1xx.o(.text) refers (Special) to heapauxi.o(.text) for __use_two_region_memory
    startup_nuc1xx.o(.text) refers to system_nuc1xx.o(.text) for SystemInit
    startup_nuc1xx.o(.text) refers to swap10.o(.TEXT) for __main
    startup_nuc1xx.o(.text) refers to startup_nuc1xx.o(HEAP) for Heap_Mem
    startup_nuc1xx.o(.text) refers to startup_nuc1xx.o(STACK) for Stack_Mem
    system_nuc1xx.o(.text) refers to aeabi_sdiv.o(.text) for __aeabi_uidivmod
    system_nuc1xx.o(.text) refers to system_nuc1xx.o(.data) for gau32ClkSrcTbl
    aeabi_idiv0_sigfpe.o(.text) refers to rt_div0.o(.text) for __rt_div0
    rt_div0.o(.text) refers to defsig_fpe_outer.o(.text) for __rt_SIGFPE
    defsig_fpe_outer.o(.text) refers to defsig_fpe_inner.o(.text) for __rt_SIGFPE_inner
    defsig_fpe_outer.o(.text) refers to defsig_exit.o(.text) for __sig_exit
    defsig_fpe_formal.o(.text) refers to rt_raise.o(.text) for __rt_raise
    rt_raise.o(.text) refers to __raise.o(.text) for __raise
    rt_raise.o(.text) refers to sys_exit.o(.text) for _sys_exit
    defsig_exit.o(.text) refers to sys_exit.o(.text) for _sys_exit
    defsig_fpe_inner.o(.text) refers to defsig_general.o(.text) for __default_signal_display
    sys_exit.o(.text) refers (Special) to use_no_semi.o(.text) for __I$use$semihosting
    sys_exit.o(.text) refers (Special) to indicate_semi.o(.text) for __semihosting_library_function
    __raise.o(.text) refers to defsig.o(CL$$defsig) for __default_signal_handler
    defsig_general.o(.text) refers to sys_wrch.o(.text) for _ttywrch
    sys_wrch.o(.text) refers (Special) to use_no_semi.o(.text) for __I$use$semihosting
    sys_wrch.o(.text) refers (Special) to indicate_semi.o(.text) for __semihosting_library_function
    defsig.o(CL$$defsig) refers to defsig_fpe_inner.o(.text) for __rt_SIGFPE_inner
    defsig_abrt_inner.o(.text) refers to defsig_general.o(.text) for __default_signal_display
    defsig_rtred_inner.o(.text) refers to defsig_general.o(.text) for __default_signal_display
    defsig_rtmem_inner.o(.text) refers to defsig_general.o(.text) for __default_signal_display
    defsig_stak_inner.o(.text) refers to defsig_general.o(.text) for __default_signal_display
    defsig_pvfn_inner.o(.text) refers to defsig_general.o(.text) for __default_signal_display
    defsig_cppl_inner.o(.text) refers to defsig_general.o(.text) for __default_signal_display
    defsig_segv_inner.o(.text) refers to defsig_general.o(.text) for __default_signal_display
    defsig_other.o(.text) refers to defsig_general.o(.text) for __default_signal_display


==============================================================================

Removing Unused input sections from the image.

    Removing core_cm0.o(.emb_text), (32 bytes).

1 unused section(s) (total 32 bytes) removed from the image.

==============================================================================

Image Symbol Table

    Local Symbols

    Symbol Name                              Value     Ov Type        Size  Object(Section)

    RESET                                    0x00000000   Section      192  startup_nuc1xx.o(RESET)
    ../../angel/rt.s                         0x00000000   Number         0  rt_raise.o ABSOLUTE
    ../../angel/rt.s                         0x00000000   Number         0  aeabi_idiv0.o ABSOLUTE
    ../../angel/rt.s                         0x00000000   Number         0  rt_div0.o ABSOLUTE
    ../../angel/rt.s                         0x00000000   Number         0  aeabi_idiv0_sigfpe.o ABSOLUTE
    ../../angel/sys.s                        0x00000000   Number         0  indicate_semi.o ABSOLUTE
    ../../angel/sys.s                        0x00000000   Number         0  use_no_semi.o ABSOLUTE
    ../../angel/sysapp.c                     0x00000000   Number         0  sys_wrch.o ABSOLUTE
    ../../angel/sysapp.c                     0x00000000   Number         0  sys_exit.o ABSOLUTE
    ../../division.s                         0x00000000   Number         0  aeabi_sdiv.o ABSOLUTE
    ../../division.s                         0x00000000   Number         0  aeabi_sdiv_div0.o ABSOLUTE
    ../../heapaux.c                          0x00000000   Number         0  heapauxi.o ABSOLUTE
    ../../signal.c                           0x00000000   Number         0  defsig_fpe_inner.o ABSOLUTE
    ../../signal.c                           0x00000000   Number         0  __raise.o ABSOLUTE
    ../../signal.c                           0x00000000   Number         0  defsig_general.o ABSOLUTE
    ../../signal.c                           0x00000000   Number         0  defsig_abrt_inner.o ABSOLUTE
    ../../signal.c                           0x00000000   Number         0  defsig_rtred_inner.o ABSOLUTE
    ../../signal.c                           0x00000000   Number         0  defsig_stak_inner.o ABSOLUTE
    ../../signal.c                           0x00000000   Number         0  defsig_pvfn_inner.o ABSOLUTE
    ../../signal.c                           0x00000000   Number         0  defsig_cppl_inner.o ABSOLUTE
    ../../signal.c                           0x00000000   Number         0  defsig_segv_inner.o ABSOLUTE
    ../../signal.c                           0x00000000   Number         0  defsig_other.o ABSOLUTE
    ../../signal.c                           0x00000000   Number         0  defsig_rtmem_inner.o ABSOLUTE
    ../../signal.c                           0x00000000   Number         0  defsig_fpe_outer.o ABSOLUTE
    ../../signal.c                           0x00000000   Number         0  defsig_fpe_formal.o ABSOLUTE
    ../../signal.c                           0x00000000   Number         0  defsig_exit.o ABSOLUTE
    ../../signal.s                           0x00000000   Number         0  defsig.o ABSOLUTE
    ..\..\..\..\CMSIS\CM0\CoreSupport\core_cm0.c 0x00000000   Number         0  core_cm0.o ABSOLUTE
    ..\..\..\..\CMSIS\CM0\DeviceSupport\Nuvoton\NUC1xx\system_NUC1xx.c 0x00000000   Number         0  system_nuc1xx.o ABSOLUTE
    ..\\..\\..\\..\\CMSIS\\CM0\\CoreSupport\\core_cm0.c 0x00000000   Number         0  core_cm0.o ABSOLUTE
    dc.s                                     0x00000000   Number         0  dc.o ABSOLUTE
    startup_NUC1xx.s                         0x00000000   Number         0  startup_nuc1xx.o ABSOLUTE
    swap10.asm                               0x00000000   Number         0  swap10.o ABSOLUTE
    .TEXT                                    0x000000c0   Section       32  swap10.o(.TEXT)
    .text                                    0x000000e0   Section      100  startup_nuc1xx.o(.text)
    Default_Handler                          0x0000010b   Thumb Code     2  startup_nuc1xx.o(.text)
    .text                                    0x00000144   Section        0  system_nuc1xx.o(.text)
    .text                                    0x000001e4   Section      346  aeabi_sdiv.o(.text)
    .text                                    0x0000033e   Section        0  heapauxi.o(.text)
    .data                                    0x20000000   Section       28  system_nuc1xx.o(.data)
    HEAP                                     0x20000020   Section        0  startup_nuc1xx.o(HEAP)
    STACK                                    0x20000020   Section     1024  startup_nuc1xx.o(STACK)
    Heap_Mem                                 0x20000020   Data           0  startup_nuc1xx.o(HEAP)
    Stack_Mem                                0x20000020   Data        1024  startup_nuc1xx.o(STACK)
    __initial_sp                             0x20000420   Data           0  startup_nuc1xx.o(STACK)

    Global Symbols

    Symbol Name                              Value     Ov Type        Size  Object(Section)

    BuildAttributes$$THM_ISAv3M$S$PE$A:L22$X:L11$S22$IEEE1$IW$USESV6$~STKCKD$USESV7$~SHL$OSPACE$ROPI$EBA8$STANDARDLIB$REQ8$PRES8$EABIv2 0x00000000   Number         0  anon$$obj.o ABSOLUTE
    __Vectors                                0x00000000   Data           4  startup_nuc1xx.o(RESET)
    __sigvec_lookup                           - Undefined Weak Reference
    __main                                   0x000000c1   Thumb Code     0  swap10.o(.TEXT)
    Reset_Handler                            0x000000e1   Thumb Code    32  startup_nuc1xx.o(.text)
    NMI_Handler                              0x00000101   Thumb Code     2  startup_nuc1xx.o(.text)
    HardFault_Handler                        0x00000103   Thumb Code     2  startup_nuc1xx.o(.text)
    SVC_Handler                              0x00000105   Thumb Code     2  startup_nuc1xx.o(.text)
    PendSV_Handler                           0x00000107   Thumb Code     2  startup_nuc1xx.o(.text)
    SysTick_Handler                          0x00000109   Thumb Code     2  startup_nuc1xx.o(.text)
    ACMP_IRQHandler                          0x0000010b   Thumb Code     0  startup_nuc1xx.o(.text)
    ADC_IRQHandler                           0x0000010b   Thumb Code     0  startup_nuc1xx.o(.text)
    BOD_IRQHandler                           0x0000010b   Thumb Code     0  startup_nuc1xx.o(.text)
    CAN0_IRQHandler                          0x0000010b   Thumb Code     0  startup_nuc1xx.o(.text)
    EINT0_IRQHandler                         0x0000010b   Thumb Code     0  startup_nuc1xx.o(.text)
    EINT1_IRQHandler                         0x0000010b   Thumb Code     0  startup_nuc1xx.o(.text)
    GPAB_IRQHandler                          0x0000010b   Thumb Code     0  startup_nuc1xx.o(.text)
    GPCDE_IRQHandler                         0x0000010b   Thumb Code     0  startup_nuc1xx.o(.text)
    I2C0_IRQHandler                          0x0000010b   Thumb Code     0  startup_nuc1xx.o(.text)
    I2C1_IRQHandler                          0x0000010b   Thumb Code     0  startup_nuc1xx.o(.text)
    I2S_IRQHandler                           0x0000010b   Thumb Code     0  startup_nuc1xx.o(.text)
    PDMA_IRQHandler                          0x0000010b   Thumb Code     0  startup_nuc1xx.o(.text)
    PS2_IRQHandler                           0x0000010b   Thumb Code     0  startup_nuc1xx.o(.text)
    PWMA_IRQHandler                          0x0000010b   Thumb Code     0  startup_nuc1xx.o(.text)
    PWMB_IRQHandler                          0x0000010b   Thumb Code     0  startup_nuc1xx.o(.text)
    PWRWU_IRQHandler                         0x0000010b   Thumb Code     0  startup_nuc1xx.o(.text)
    RTC_IRQHandler                           0x0000010b   Thumb Code     0  startup_nuc1xx.o(.text)
    SPI0_IRQHandler                          0x0000010b   Thumb Code     0  startup_nuc1xx.o(.text)
    SPI1_IRQHandler                          0x0000010b   Thumb Code     0  startup_nuc1xx.o(.text)
    SPI2_IRQHandler                          0x0000010b   Thumb Code     0  startup_nuc1xx.o(.text)
    SPI3_IRQHandler                          0x0000010b   Thumb Code     0  startup_nuc1xx.o(.text)
    TMR0_IRQHandler                          0x0000010b   Thumb Code     0  startup_nuc1xx.o(.text)
    TMR1_IRQHandler                          0x0000010b   Thumb Code     0  startup_nuc1xx.o(.text)
    TMR2_IRQHandler                          0x0000010b   Thumb Code     0  startup_nuc1xx.o(.text)
    TMR3_IRQHandler                          0x0000010b   Thumb Code     0  startup_nuc1xx.o(.text)
    UART02_IRQHandler                        0x0000010b   Thumb Code     0  startup_nuc1xx.o(.text)
    UART1_IRQHandler                         0x0000010b   Thumb Code     0  startup_nuc1xx.o(.text)
    USBD_IRQHandler                          0x0000010b   Thumb Code     0  startup_nuc1xx.o(.text)
    WDT_IRQHandler                           0x0000010b   Thumb Code     0  startup_nuc1xx.o(.text)
    __user_initial_stackheap                 0x0000010d   Thumb Code     0  startup_nuc1xx.o(.text)
    SystemCoreClockUpdate                    0x00000145   Thumb Code   130  system_nuc1xx.o(.text)
    SystemInit                               0x000001c7   Thumb Code     2  system_nuc1xx.o(.text)
    __aeabi_uidiv                            0x000001e5   Thumb Code     0  aeabi_sdiv.o(.text)
    __aeabi_uidivmod                         0x000001e5   Thumb Code    20  aeabi_sdiv.o(.text)
    __aeabi_idiv                             0x000001f9   Thumb Code     0  aeabi_sdiv.o(.text)
    __aeabi_idivmod                          0x000001f9   Thumb Code   326  aeabi_sdiv.o(.text)
    __use_two_region_memory                  0x0000033f   Thumb Code     2  heapauxi.o(.text)
    __rt_heap_escrow$2region                 0x00000341   Thumb Code     2  heapauxi.o(.text)
    __rt_heap_expand$2region                 0x00000343   Thumb Code     2  heapauxi.o(.text)
    SystemCoreClock                          0x20000000   Data           4  system_nuc1xx.o(.data)
    CyclesPerUs                              0x20000004   Data           4  system_nuc1xx.o(.data)
    gau32ClkSrcTbl                           0x20000008   Data          20  system_nuc1xx.o(.data)



==============================================================================

Memory Map of the image

  Image Entry point : 0x000000e1

  Load Region LR_1 (Base: 0x00000000, Size: 0x00000360, Max: 0xffffffff, ABSOLUTE)

    Execution Region ER_RO (Base: 0x00000000, Size: 0x00000344, Max: 0xffffffff, ABSOLUTE)

    Base Addr    Size         Type   Attr      Idx    E Section Name        Object

    0x00000000   0x000000c0   Data   RO            3    RESET               startup_nuc1xx.o
    0x000000c0   0x00000020   Code   RO           10    .TEXT               swap10.o
    0x000000e0   0x00000064   Code   RO            4  * .text               startup_nuc1xx.o
    0x00000144   0x000000a0   Code   RO           27    .text               system_nuc1xx.o
    0x000001e4   0x0000015a   Code   RO           59    .text               c_p.l(aeabi_sdiv.o)
    0x0000033e   0x00000006   Code   RO           63    .text               c_p.l(heapauxi.o)


    Execution Region ER_RW (Base: 0x20000000, Size: 0x0000001c, Max: 0xffffffff, ABSOLUTE)

    Base Addr    Size         Type   Attr      Idx    E Section Name        Object

    0x20000000   0x0000001c   Data   RW           28    .data               system_nuc1xx.o


    Execution Region ER_ZI (Base: 0x2000001c, Size: 0x00000404, Max: 0xffffffff, ABSOLUTE)

    Base Addr    Size         Type   Attr      Idx    E Section Name        Object

    0x2000001c   0x00000004   PAD
    0x20000020   0x00000000   Zero   RW            2    HEAP                startup_nuc1xx.o
    0x20000020   0x00000400   Zero   RW            1    STACK               startup_nuc1xx.o


==============================================================================

Image component sizes


      Code (inc. data)   RO Data    RW Data    ZI Data      Debug   Object Name

         0          0          0          0          0       4156   core_cm0.o
       100         46        192          0       1024        628   startup_nuc1xx.o
        32          8          0          0          0        228   swap10.o
       160         28          0         28          0       1592   system_nuc1xx.o

    ----------------------------------------------------------------------
       292         82        192         28       1028       6604   Object Totals
         0          0          0          0          0          0   (incl. Generated)
         0          0          0          0          4          0   (incl. Padding)

    ----------------------------------------------------------------------

      Code (inc. data)   RO Data    RW Data    ZI Data      Debug   Library Member Name

       346          0          0          0          0         92   aeabi_sdiv.o
         6          0          0          0          0        136   heapauxi.o

    ----------------------------------------------------------------------
       352          0          0          0          0        228   Library Totals
         0          0          0          0          0          0   (incl. Padding)

    ----------------------------------------------------------------------

      Code (inc. data)   RO Data    RW Data    ZI Data      Debug   Library Name

       352          0          0          0          0        228   c_p.l

    ----------------------------------------------------------------------
       352          0          0          0          0        228   Library Totals

    ----------------------------------------------------------------------

==============================================================================


      Code (inc. data)   RO Data    RW Data    ZI Data      Debug   

       644         82        192         28       1028       6736   Grand Totals
       644         82        192         28       1028       6736   ELF Image Totals
       644         82        192         28          0          0   ROM Totals

==============================================================================

    Total RO  Size (Code + RO Data)                  836 (   0.82kB)
    Total RW  Size (RW Data + ZI Data)              1056 (   1.03kB)
    Total ROM Size (Code + RO Data + RW Data)        864 (   0.84kB)

==============================================================================

